2026-08-21 13:12:41,167 - INFO - OK rqfQRErjfk8
2026-08-21 13:12:54,161 - INFO - OK rwT__ERCUno
2026-08-21 13:12:57,005 - INFO - OK rwb6PSAee5Y
2026-08-21 13:13:01,059 - INFO - OK rwtmaKiCcQU
2026-08-21 13:13:06,478 - INFO - OK s3cT_DAj31g
2026-08-21 13:13:10,811 - INFO - OK s4Uz1Ffgo04
2026-08-21 13:13:17,683 - INFO - OK s4tUs779vBA
2026-08-21 13:13:21,787 - INFO - OK s7knHCFW82w
2026-08-21 13:13:27,073 - INFO - OK sC_i_y7QS1U
2026-08-21 13:13:31,004 - INFO - OK sEprKHm8Sj8
2026-08-21 13:13:33,951 - INFO - OK sIXTftIuUgw
2026-08-21 13:13:37,668 - INFO - OK sLkeqCDJIyw
2026-08-21 13:13:45,973 - INFO - OK sNB8zxXneIM
2026-08-21 13:13:49,156 - INFO - OK sOa7g-44Dag
2026-08-21 13:13:52,160 - INFO - OK sSMl2vc3e_k
2026-08-21 13:13:55,224 - INFO - OK sYITalLZjj4
2026-08-21 13:13:59,174 - INFO - OK sZuuj08Gr_I
2026-08-21 13:16:26,910 - INFO - OK s_apQIQUhFc
2026-08-21 13:16:30,234 - INFO - OK sd7x_Vssqlw
2026-08-21 13:16:34,740 - INFO - OK sd_XV-ylviw
2026-08-21 13:16:38,691 - INFO - OK se87d6yxEOA
2026-08-21 13:16:41,772 - INFO - OK sfAvvZwdLCY
2026-08-21 13:16:45,884 - INFO - OK sgAjFcKriHk
2026-08-21 13:16:47,308 - ERROR - FAIL slZLHwNbbt4: ERROR: [youtube] slZLHwNbbt4: Private video. Sign in if you've been granted access to this video. Use --cookies-from-browser or --cookies for the authentication. See  https://github.com/yt-dlp/yt-dlp/wiki/FAQ#how-do-i-pass-cookies-to-yt-dlp  for how to manually pass cookies. Also see  https://github.com/yt-dlp/yt-dlp/wiki/Extractors#exporting-youtube-cookies  for tips on effectively exporting YouTube cookies
2026-08-21 13:16:50,554 - INFO - OK smGI3C1N_Zc
2026-08-21 13:16:54,376 - INFO - OK sofxkNWaP0s
2026-08-21 13:16:59,190 - INFO - OK spJCm8tD9Zo
2026-08-21 13:17:03,301 - INFO - OK sr1_Gfm0syI
2026-08-21 13:17:09,074 - INFO - OK sxIvBMSavMQ
2026-08-21 13:17:12,329 - INFO - OK syyyCQcHSfQ
2026-08-21 13:17:16,109 - INFO - OK t25U-v4k4ts
2026-08-21 13:17:19,187 - INFO - OK t4WCFbE0A50
2026-08-21 13:17:22,546 - INFO - OK t69a8aRKhmc
2026-08-21 13:17:27,641 - INFO - OK t8CV69hcvF0
2026-08-21 13:17:31,196 - INFO - OK tDVADusiIoc
2026-08-21 13:17:35,184 - INFO - OK tDlfY3nmx1A
2026-08-21 13:17:38,240 - INFO - OK tDlysoZiA1I
2026-08-21 13:17:41,728 - INFO - OK tEE3MpBt1sg
2026-08-21 13:17:45,225 - INFO - OK tH-q8LXgHEc
2026-08-21 13:17:49,995 - INFO - OK tH17JPjDPnc
2026-08-21 13:17:53,724 - INFO - OK tK4VlLsNxak
2026-08-21 13:17:56,767 - INFO - OK tPJvjq9QePY
2026-08-21 13:18:00,450 - INFO - OK tQWGZLItBXk
2026-08-21 13:18:04,706 - INFO - OK tRJVUSdMjQI
2026-08-21 13:18:07,688 - INFO - OK tZGN5a7ybxo
2026-08-21 13:18:10,653 - INFO - OK tcd9QCdjTI0
2026-08-21 13:18:13,861 - INFO - OK tezvROoo4bs
2026-08-21 13:18:16,934 - INFO - OK ti_DFTC-5vU
2026-08-21 13:18:20,555 - INFO - OK tvP4E1r7yk8
2026-08-21 13:18:23,594 - INFO - OK u--KhUW8l1Y
2026-08-21 13:18:27,389 - INFO - OK u-6osTkkOfY
2026-08-21 13:18:31,075 - INFO - OK u5RmF3c3_Aw
2026-08-21 13:18:34,986 - INFO - OK u6jIvCtKarQ
2026-08-21 13:18:38,624 - INFO - OK u9A6VZQCZpU
2026-08-21 13:18:42,750 - INFO - OK uC9dtII1KDI
2026-08-21 13:18:46,645 - INFO - OK uCuo8zAkTvE
2026-08-21 13:18:50,282 - INFO - OK uFoga8sHpiw
2026-08-21 13:18:53,860 - INFO - OK uGS7O46tlSo
2026-08-21 13:18:58,787 - INFO - OK uJV8NDaHqqk
2026-08-21 13:19:02,153 - INFO - OK uJe1Gvp-MeM
2026-08-21 13:19:05,399 - INFO - OK uK5doE8g_nY
2026-08-21 13:19:09,304 - INFO - OK uOpoD0gGXcs
2026-08-21 13:19:12,896 - INFO - OK uP_Dn2BFTHk
2026-08-21 13:19:17,280 - INFO - OK uXxVebHsGZ8
2026-08-21 13:19:19,864 - INFO - OK uYT5gxnyMWM
2026-08-21 13:19:23,774 - INFO - OK ucQikcv96gM
2026-08-21 13:19:27,271 - INFO - OK uiItxDsDMFI
2026-08-21 13:19:31,097 - INFO - OK uiNuH51lzVY
2026-08-21 13:19:34,249 - INFO - OK ukxt9I7eMMg
2026-08-21 13:19:37,714 - INFO - OK uqFtmnhuqA8
2026-08-21 13:19:41,434 - INFO - OK uzQnlJXBbOM
2026-08-21 13:19:45,392 - INFO - OK v0x1odnXtP0
2026-08-21 13:19:49,185 - INFO - OK v3EwremxU2w
2026-08-21 13:19:52,816 - INFO - OK v5cSxLaHADY
2026-08-21 13:19:56,054 - INFO - OK v7Pz4dWmggg
2026-08-21 13:20:01,084 - INFO - OK v8vMLTp5Dww
2026-08-21 13:20:04,115 - INFO - OK vBslzh7saPw
2026-08-21 13:22:32,647 - ERROR - FAIL vH4z5OI5aNY: ERROR: Unable to download video: [Errno 2] No such file or directory: '/Users/tomzhou/Documents/DCASE/audio-review-platform/audio_cache/vH4z5OI5aNY.webm.part'
2026-08-21 13:22:35,945 - INFO - OK vJrjSeP17yE
2026-08-21 13:22:40,485 - INFO - OK vSeGhaZt-aI
2026-08-21 13:22:44,098 - INFO - OK vW4x7S1VfQc
2026-08-21 13:22:47,901 - INFO - OK vZAqdHZ81yA
2026-08-21 13:22:51,421 - INFO - OK v_OQfEIq_PY
2026-08-21 13:22:55,231 - INFO - OK vaX_J_G3638
2026-08-21 13:22:58,644 - INFO - OK vbr9mHKc8WM
2026-08-21 13:23:03,045 - INFO - OK vcmWS_mvti8
2026-08-21 13:23:05,064 - ERROR - FAIL vddP56-ogds: ERROR: [youtube] vddP56-ogds: This video is not available
2026-08-21 13:23:08,266 - INFO - OK vdoxuJn9lTc
2026-08-21 13:23:11,682 - INFO - OK vh30P49Po6s
2026-08-21 13:23:15,097 - INFO - OK vimzuGQvdcU
2026-08-21 13:23:19,367 - INFO - OK viuTg1M-dqg
2026-08-21 13:23:22,652 - INFO - OK vlJS7LN2XyM
2026-08-21 13:23:25,656 - INFO - OK vlS6YMeWAPo
2026-08-21 13:23:28,849 - INFO - OK vmrxwuAMb2I
2026-08-21 13:23:32,801 - INFO - OK vqZuVbG6-HI
2026-08-21 13:23:36,778 - INFO - OK vr8ZXjEBhMQ
2026-08-21 13:23:40,640 - INFO - OK vveS8HT7Uog
2026-08-21 13:23:44,737 - INFO - OK vzceMbkl_Wc
2026-08-21 13:23:48,468 - INFO - OK vzxHnu-SFEw
2026-08-21 13:23:52,602 - INFO - OK w0xsN8_X18Y
2026-08-21 13:23:56,234 - INFO - OK w2bYrCVLT60
2026-08-21 13:24:00,202 - INFO - OK w2htir_si7g
2026-08-21 13:24:04,419 - INFO - OK w5W_5Kqtc8E
2026-08-21 13:24:07,530 - INFO - OK w6RTHR6AeAg
2026-08-21 13:24:11,600 - INFO - OK w9lpbUn0hPc
2026-08-21 13:24:15,377 - INFO - OK wDVMhEdTiVw
2026-08-21 13:24:19,487 - INFO - OK wGKgwOP3h30
2026-08-21 13:24:23,447 - INFO - OK wIJK3-5y0kA
2026-08-21 13:24:27,271 - INFO - OK wP8ZKrlx3oA
2026-08-21 13:24:31,000 - INFO - OK wPz6QRAkEb4
2026-08-21 13:24:34,853 - INFO - OK wRBHTgrbiwg
2026-08-21 13:24:38,493 - INFO - OK wWVxe57200I
2026-08-21 13:24:43,041 - INFO - OK weDbePuc-Xc
2026-08-21 13:24:46,423 - INFO - OK wfHeoPDLMaM
2026-08-21 13:24:49,662 - INFO - OK wl44ppID9ds
2026-08-21 13:24:53,293 - INFO - OK wnNNcxAPwGQ
2026-08-21 13:24:57,589 - INFO - OK wnpJndXuxLc
2026-08-21 13:25:00,832 - INFO - OK wqZ135_Ssz0
2026-08-21 13:25:04,283 - INFO - OK wqugJOvBkhY
2026-08-21 13:25:08,046 - INFO - OK wsHBIgzs9Fs
2026-08-21 13:25:12,496 - INFO - OK wudZTNBtVqc
2026-08-21 13:25:15,702 - INFO - OK wulOEFdECWs
2026-08-21 13:25:17,141 - ERROR - FAIL wwyfGO2J__4: ERROR: [youtube] wwyfGO2J__4: Video unavailable
2026-08-21 13:25:20,568 - INFO - OK wz7N8YRy74I
2026-08-21 13:25:24,148 - INFO - OK wzXPRI7eXOM
2026-08-21 13:25:28,143 - INFO - OK x-Yx0rqr1vY
2026-08-21 13:25:32,253 - INFO - OK x-gIWB__rIE
2026-08-21 13:25:36,269 - INFO - OK x4a9YGIw4ok
2026-08-21 13:25:39,739 - INFO - OK x4dZyf9Gbj0
2026-08-21 13:25:44,524 - INFO - OK x5eIC7S0fbg
2026-08-21 13:25:49,091 - INFO - OK x6ijhqRY38s
2026-08-21 13:25:53,202 - INFO - OK xDsO5LiaaAY
2026-08-21 13:25:56,959 - INFO - OK xKB8O8LTs6s
2026-08-21 13:26:01,116 - INFO - OK xNMovAf3o50
2026-08-21 13:26:04,799 - INFO - OK xSKJGCItUWE
2026-08-21 13:26:07,947 - INFO - OK xSN_cBFt-PI
2026-08-21 13:26:10,962 - INFO - OK xVzetIIzS9c
2026-08-21 13:26:14,366 - INFO - OK xZepNM9qcRA
2026-08-21 13:26:18,291 - INFO - OK x_l2PIWyXaM
2026-08-21 13:26:22,025 - INFO - OK xmdGaCbvhFc
2026-08-21 13:26:25,145 - INFO - OK xmiUIOhtZyQ
2026-08-21 13:26:28,353 - INFO - OK xtWeJ56-U-g
2026-08-21 13:26:31,848 - INFO - OK xvDdE3zNf8Y
2026-08-21 13:26:36,109 - INFO - OK xx3yKzrSOBI
2026-08-21 13:26:39,552 - INFO - OK y2ZBGpgbhHM
2026-08-21 13:26:43,508 - INFO - OK y4NpJekTMT8
2026-08-21 13:26:47,671 - INFO - OK yDoT73BWsdA
2026-08-21 13:26:51,365 - INFO - OK yHeVV-xeOxQ
2026-08-21 13:26:54,641 - INFO - OK yHtbLI6kxAc
2026-08-21 13:26:57,896 - INFO - OK yKKOHg5xlPE
2026-08-21 13:27:01,007 - INFO - OK yLCORCnd35Q
2026-08-21 13:27:04,725 - INFO - OK yRx9txMcBl0
2026-08-21 13:27:07,770 - INFO - OK yUsCyVRXMoY
2026-08-21 13:27:10,671 - INFO - OK yVumC9TGknc
2026-08-21 13:27:12,614 - ERROR - FAIL yW6FWLSLkx4: ERROR: [youtube] yW6FWLSLkx4: Please sign in. Use --cookies-from-browser or --cookies for the authentication. See  https://github.com/yt-dlp/yt-dlp/wiki/FAQ#how-do-i-pass-cookies-to-yt-dlp  for how to manually pass cookies. Also see  https://github.com/yt-dlp/yt-dlp/wiki/Extractors#exporting-youtube-cookies  for tips on effectively exporting YouTube cookies
2026-08-21 13:27:14,594 - ERROR - FAIL yaln9y8I7ms: ERROR: [youtube] yaln9y8I7ms: Please sign in. Use --cookies-from-browser or --cookies for the authentication. See  https://github.com/yt-dlp/yt-dlp/wiki/FAQ#how-do-i-pass-cookies-to-yt-dlp  for how to manually pass cookies. Also see  https://github.com/yt-dlp/yt-dlp/wiki/Extractors#exporting-youtube-cookies  for tips on effectively exporting YouTube cookies
2026-08-21 13:27:17,592 - INFO - OK yeFvk9x0wWI
2026-08-21 13:27:20,935 - INFO - OK yhQ2Lg-7qDY
2026-08-21 13:27:22,352 - ERROR - FAIL yiUDYRSJpJI: ERROR: [youtube] yiUDYRSJpJI: Video unavailable. This video is no longer available because the YouTube account associated with this video has been terminated.
2026-08-21 13:27:26,418 - INFO - OK yks4cLgIDMc
2026-08-21 13:27:29,623 - INFO - OK yswmmRZFItk
2026-08-21 13:27:33,325 - INFO - OK z4VCMzobZbI
2026-08-21 13:27:36,638 - INFO - OK z4uELRI6p08
2026-08-21 13:27:39,598 - INFO - OK z5iUE5h0EPs
2026-08-21 13:27:42,413 - INFO - OK z9-3K1PFMjw
2026-08-21 13:27:46,584 - INFO - OK zAYW_RjbHHI
2026-08-21 13:27:50,211 - INFO - OK zCrAfDfv6-A
2026-08-21 13:27:53,551 - INFO - OK zF8yoL0rkbI
2026-08-21 13:27:56,882 - INFO - OK zTLVJCo4WEE
2026-08-21 13:28:00,236 - INFO - OK zU-oKUEckKo
2026-08-21 13:28:04,449 - INFO - OK zY3icUyMdh8
2026-08-21 13:28:08,550 - INFO - OK zgUgkpk78xU
2026-08-21 13:28:12,436 - INFO - OK zjTG0gaGCUI
2026-08-21 13:28:16,835 - INFO - OK zk-xJGQU8-4
2026-08-21 13:30:49,612 - INFO - OK zl3OnWjr3Y4
2026-08-21 13:30:53,138 - INFO - OK zsLxS-uLJTw
2026-08-21 13:30:55,916 - INFO - OK zvmXKyAFq80
2026-08-21 13:30:58,768 - INFO - OK zwOBqeFTgiU
2026-08-21 13:39:40,901 - ERROR - FAIL slZLHwNbbt4: ERROR: [youtube] slZLHwNbbt4: Private video. Sign in if you've been granted access to this video. Use --cookies-from-browser or --cookies for the authentication. See  https://github.com/yt-dlp/yt-dlp/wiki/FAQ#how-do-i-pass-cookies-to-yt-dlp  for how to manually pass cookies. Also see  https://github.com/yt-dlp/yt-dlp/wiki/Extractors#exporting-youtube-cookies  for tips on effectively exporting YouTube cookies
2026-08-21 13:42:10,581 - INFO - OK vH4z5OI5aNY
2026-08-21 13:42:12,778 - ERROR - FAIL vddP56-ogds: ERROR: [youtube] vddP56-ogds: This video is not available
2026-08-21 13:42:14,149 - ERROR - FAIL wwyfGO2J__4: ERROR: [youtube] wwyfGO2J__4: This video is unavailable
2026-08-21 13:42:15,915 - ERROR - FAIL yW6FWLSLkx4: ERROR: [youtube] yW6FWLSLkx4: This video is not available
2026-08-21 13:42:19,698 - INFO - OK yaln9y8I7ms
2026-08-21 13:42:21,105 - ERROR - FAIL yiUDYRSJpJI: ERROR: [youtube] yiUDYRSJpJI: Video unavailable. This video is no longer available because the YouTube account associated with this video has been terminated.
